<?xml version="1.0" encoding="utf-8"?>
<TestRun id="3454ea75-b06c-4f3f-8337-f1623fb9be3d" name="victo@LAPTOP-1M1UUQDQ 2026-08-06 23:59:59" runUser="LAPTOP-1M1UUQDQ\victo" xmlns="http://microsoft.com/schemas/VisualStudio/TeamTest/2010">
  <Times creation="2026-08-06T23:59:59.4218377-06:00" queuing="2026-08-06T23:59:59.4218386-06:00" start="2026-08-06T23:59:52.5064128-06:00" finish="2026-08-07T00:00:00.1333409-06:00" />
  <TestSettings name="default" id="2e0fe166-7416-410b-b1b2-58c8af6d34fe">
    <Deployment runDeploymentRoot="victo_LAPTOP-1M1UUQDQ_2026-08-06_23_59_59" />
  </TestSettings>
  <Results>
    <UnitTestResult executionId="c898dbbe-7d9d-45f8-b256-ee6e605c3855" testId="1bc0317d-2ee3-d22b-ac26-f2bef8bc694c" testName="MiAppNetCore.Tests.WeatherServiceTests.IsValidTemperature_ReturnsTrue_ForAnyValue(temperature: 5000)" computerName="LAPTOP-1M1UUQDQ" duration="00:00:00.0297410" startTime="2026-08-06T23:59:59.4520256-06:00" endTime="2026-08-06T23:59:59.4805801-06:00" testType="13cdc9d9-ddb5-4fa4-a97d-d965ccfc6d4b" outcome="Passed" testListId="8c84fa94-04c1-424b-9868-57a2d4851a1d" relativeResultsDirectory="c898dbbe-7d9d-45f8-b256-ee6e605c3855" />
    <UnitTestResult executionId="bc305f8d-9d20-46f6-b100-9d6803073216" testId="aee3060a-745f-52b5-daf1-7f953e98a398" testName="MiAppNetCore.Tests.WeatherServiceTests.IsValidTemperature_ReturnsTrue_ForAnyValue(temperature: 0)" computerName="LAPTOP-1M1UUQDQ" duration="00:00:00.0303502" startTime="2026-08-06T23:59:59.3945420-06:00" endTime="2026-08-06T23:59:59.4154916-06:00" testType="13cdc9d9-ddb5-4fa4-a97d-d965ccfc6d4b" outcome="Passed" testListId="8c84fa94-04c1-424b-9868-57a2d4851a1d" relativeResultsDirectory="bc305f8d-9d20-46f6-b100-9d6803073216" />
    <UnitTestResult executionId="781cd750-3275-418a-9b94-0848b1421642" testId="d3ecade4-dfff-5fd5-9ab6-e47ea52495ee" testName="MiAppNetCore.Tests.WeatherServiceTests.GetWeatherDescription_ReturnsExpectedLabel(temperature: 20, expected: &quot;Templado&quot;)" computerName="LAPTOP-1M1UUQDQ" duration="00:00:00.0269931" startTime="2026-08-06T23:59:59.5119414-06:00" endTime="2026-08-06T23:59:59.5361444-06:00" testType="13cdc9d9-ddb5-4fa4-a97d-d965ccfc6d4b" outcome="Passed" testListId="8c84fa94-04c1-424b-9868-57a2d4851a1d" relativeResultsDirectory="781cd750-3275-418a-9b94-0848b1421642" />
    <UnitTestResult executionId="41c93f5b-5b2b-4298-86b6-3c502fb0dbaf" testId="4fe41a5d-044c-6b32-49ec-10a80931f69e" testName="MiAppNetCore.Tests.WeatherServiceTests.IsValidTemperature_ReturnsTrue_ForAnyValue(temperature: -273.14999999999998)" computerName="LAPTOP-1M1UUQDQ" duration="00:00:00.0346148" startTime="2026-08-06T23:59:59.4165204-06:00" endTime="2026-08-06T23:59:59.4506676-06:00" testType="13cdc9d9-ddb5-4fa4-a97d-d965ccfc6d4b" outcome="Passed" testListId="8c84fa94-04c1-424b-9868-57a2d4851a1d" relativeResultsDirectory="41c93f5b-5b2b-4298-86b6-3c502fb0dbaf" />
    <UnitTestResult executionId="d4935b07-2de2-4721-805b-e87ddc59a6c0" testId="88f39e5c-2325-439c-9fd6-1afa4c7da3e6" testName="MiAppNetCore.Tests.WeatherServiceTests.GetWeatherDescription_ReturnsExpectedLabel(temperature: 30, expected: &quot;Calido&quot;)" computerName="LAPTOP-1M1UUQDQ" duration="00:00:00.0213048" startTime="2026-08-06T23:59:59.5849713-06:00" endTime="2026-08-06T23:59:59.6043612-06:00" testType="13cdc9d9-ddb5-4fa4-a97d-d965ccfc6d4b" outcome="Passed" testListId="8c84fa94-04c1-424b-9868-57a2d4851a1d" relativeResultsDirectory="d4935b07-2de2-4721-805b-e87ddc59a6c0" />
    <UnitTestResult executionId="afcc813f-1dba-4097-8ec5-a98d69a72323" testId="25dc5936-6e48-6b18-745c-5815fa98105c" testName="MiAppNetCore.Tests.WeatherServiceTests.GetWeatherDescription_ReturnsExpectedLabel(temperature: 40, expected: &quot;Muy caluroso&quot;)" computerName="LAPTOP-1M1UUQDQ" duration="00:00:00.0383752" startTime="2026-08-06T23:59:59.6080520-06:00" endTime="2026-08-06T23:59:59.6435582-06:00" testType="13cdc9d9-ddb5-4fa4-a97d-d965ccfc6d4b" outcome="Passed" testListId="8c84fa94-04c1-424b-9868-57a2d4851a1d" relativeResultsDirectory="afcc813f-1dba-4097-8ec5-a98d69a72323" />
    <UnitTestResult executionId="2ae5a956-3918-4b02-91a3-90affb3b3df6" testId="04a335b6-57c6-34c5-8a1d-3488937c5468" testName="MiAppNetCore.Tests.WeatherServiceTests.GetWeatherDescription_ReturnsExpectedLabel(temperature: 5, expected: &quot;Frio&quot;)" computerName="LAPTOP-1M1UUQDQ" duration="00:00:00.0279705" startTime="2026-08-06T23:59:59.5552634-06:00" endTime="2026-08-06T23:59:59.5830055-06:00" testType="13cdc9d9-ddb5-4fa4-a97d-d965ccfc6d4b" outcome="Passed" testListId="8c84fa94-04c1-424b-9868-57a2d4851a1d" relativeResultsDirectory="2ae5a956-3918-4b02-91a3-90affb3b3df6" />
    <UnitTestResult executionId="a862616e-5e36-436a-a37a-52dda094b9f1" testId="3094f008-0fad-9505-0369-8ef882dc1e9c" testName="MiAppNetCore.Tests.WeatherServiceTests.IsValidTemperature_ReturnsTrue_ForAnyValue(temperature: 1000)" computerName="LAPTOP-1M1UUQDQ" duration="00:00:00.0263156" startTime="2026-08-06T23:59:59.4812442-06:00" endTime="2026-08-06T23:59:59.5073012-06:00" testType="13cdc9d9-ddb5-4fa4-a97d-d965ccfc6d4b" outcome="Passed" testListId="8c84fa94-04c1-424b-9868-57a2d4851a1d" relativeResultsDirectory="a862616e-5e36-436a-a37a-52dda094b9f1" />
    <UnitTestResult executionId="c0c511f1-079e-434e-8d13-db834826cb22" testId="2361e58f-91ac-364e-54a3-a17c202de44a" testName="MiAppNetCore.Tests.WeatherServiceTests.SearchCityWeather_ReturnsSeededCities_WhenNameMatches" computerName="LAPTOP-1M1UUQDQ" duration="00:00:00.0302222" startTime="2026-08-06T23:59:59.6817310-06:00" endTime="2026-08-06T23:59:59.7112865-06:00" testType="13cdc9d9-ddb5-4fa4-a97d-d965ccfc6d4b" outcome="Passed" testListId="8c84fa94-04c1-424b-9868-57a2d4851a1d" relativeResultsDirectory="c0c511f1-079e-434e-8d13-db834826cb22" />
    <UnitTestResult executionId="f2b52799-d539-4867-a6ba-764f7bee8633" testId="e331a36c-9500-feeb-bfb5-bf93a13d163d" testName="MiAppNetCore.Tests.WeatherServiceTests.GetWeatherDescription_ReturnsExpectedLabel(temperature: -10, expected: &quot;Congelando&quot;)" computerName="LAPTOP-1M1UUQDQ" duration="00:00:00.0179366" startTime="2026-08-06T23:59:59.5367919-06:00" endTime="2026-08-06T23:59:59.5542995-06:00" testType="13cdc9d9-ddb5-4fa4-a97d-d965ccfc6d4b" outcome="Passed" testListId="8c84fa94-04c1-424b-9868-57a2d4851a1d" relativeResultsDirectory="f2b52799-d539-4867-a6ba-764f7bee8633" />
    <UnitTestResult executionId="0dd04313-c19b-4b26-8c39-6039b943ef91" testId="fbafddfe-2b5f-9b39-8702-0be88055176e" testName="MiAppNetCore.Tests.WeatherServiceTests.SearchCityWeather_ReturnsEmpty_WhenNoMatch" computerName="LAPTOP-1M1UUQDQ" duration="00:00:00.0364463" startTime="2026-08-06T23:59:59.6462666-06:00" endTime="2026-08-06T23:59:59.6808498-06:00" testType="13cdc9d9-ddb5-4fa4-a97d-d965ccfc6d4b" outcome="Passed" testListId="8c84fa94-04c1-424b-9868-57a2d4851a1d" relativeResultsDirectory="0dd04313-c19b-4b26-8c39-6039b943ef91" />
    <UnitTestResult executionId="14804cb0-78b2-4b30-b319-05c4f575a98b" testId="07c3923c-be18-aa5e-e766-18c67e80ae36" testName="MiAppNetCore.Tests.WeatherServiceTests.IsValidTemperature_ReturnsTrue_ForAnyValue(temperature: 25)" computerName="LAPTOP-1M1UUQDQ" duration="00:00:02.1211897" startTime="2026-08-06T23:59:57.2658415-06:00" endTime="2026-08-06T23:59:59.3483373-06:00" testType="13cdc9d9-ddb5-4fa4-a97d-d965ccfc6d4b" outcome="Passed" testListId="8c84fa94-04c1-424b-9868-57a2d4851a1d" relativeResultsDirectory="14804cb0-78b2-4b30-b319-05c4f575a98b" />
    <UnitTestResult executionId="ae4143e2-b2b8-4290-8e51-71f87f744a22" testId="bfeee4bf-e20a-1e25-3345-96d1ee7d1114" testName="MiAppNetCore.Tests.WeatherServiceTests.IsValidTemperature_ReturnsTrue_ForAnyValue(temperature: -300)" computerName="LAPTOP-1M1UUQDQ" duration="00:00:00.0368258" startTime="2026-08-06T23:59:59.3911754-06:00" endTime="2026-08-06T23:59:59.3913080-06:00" testType="13cdc9d9-ddb5-4fa4-a97d-d965ccfc6d4b" outcome="Passed" testListId="8c84fa94-04c1-424b-9868-57a2d4851a1d" relativeResultsDirectory="ae4143e2-b2b8-4290-8e51-71f87f744a22" />
  </Results>
  <TestDefinitions>
    <UnitTest name="MiAppNetCore.Tests.WeatherServiceTests.IsValidTemperature_ReturnsTrue_ForAnyValue(temperature: 0)" storage="c:\users\victo\documents\practicas\miappnetcore.tests\bin\debug\net10.0\miappnetcore.tests.dll" id="aee3060a-745f-52b5-daf1-7f953e98a398">
      <Execution id="bc305f8d-9d20-46f6-b100-9d6803073216" />
      <TestMethod codeBase="C:\Users\victo\Documents\practicas\MiAppNetCore.Tests\bin\Debug\net10.0\MiAppNetCore.Tests.dll" adapterTypeName="executor://xunit/VsTestRunner3/netcore/" className="MiAppNetCore.Tests.WeatherServiceTests" name="IsValidTemperature_ReturnsTrue_ForAnyValue" />
    </UnitTest>
    <UnitTest name="MiAppNetCore.Tests.WeatherServiceTests.GetWeatherDescription_ReturnsExpectedLabel(temperature: -10, expected: &quot;Congelando&quot;)" storage="c:\users\victo\documents\practicas\miappnetcore.tests\bin\debug\net10.0\miappnetcore.tests.dll" id="e331a36c-9500-feeb-bfb5-bf93a13d163d">
      <Execution id="f2b52799-d539-4867-a6ba-764f7bee8633" />
      <TestMethod codeBase="C:\Users\victo\Documents\practicas\MiAppNetCore.Tests\bin\Debug\net10.0\MiAppNetCore.Tests.dll" adapterTypeName="executor://xunit/VsTestRunner3/netcore/" className="MiAppNetCore.Tests.WeatherServiceTests" name="GetWeatherDescription_ReturnsExpectedLabel" />
    </UnitTest>
    <UnitTest name="MiAppNetCore.Tests.WeatherServiceTests.IsValidTemperature_ReturnsTrue_ForAnyValue(temperature: 1000)" storage="c:\users\victo\documents\practicas\miappnetcore.tests\bin\debug\net10.0\miappnetcore.tests.dll" id="3094f008-0fad-9505-0369-8ef882dc1e9c">
      <Execution id="a862616e-5e36-436a-a37a-52dda094b9f1" />
      <TestMethod codeBase="C:\Users\victo\Documents\practicas\MiAppNetCore.Tests\bin\Debug\net10.0\MiAppNetCore.Tests.dll" adapterTypeName="executor://xunit/VsTestRunner3/netcore/" className="MiAppNetCore.Tests.WeatherServiceTests" name="IsValidTemperature_ReturnsTrue_ForAnyValue" />
    </UnitTest>
    <UnitTest name="MiAppNetCore.Tests.WeatherServiceTests.GetWeatherDescription_ReturnsExpectedLabel(temperature: 40, expected: &quot;Muy caluroso&quot;)" storage="c:\users\victo\documents\practicas\miappnetcore.tests\bin\debug\net10.0\miappnetcore.tests.dll" id="25dc5936-6e48-6b18-745c-5815fa98105c">
      <Execution id="afcc813f-1dba-4097-8ec5-a98d69a72323" />
      <TestMethod codeBase="C:\Users\victo\Documents\practicas\MiAppNetCore.Tests\bin\Debug\net10.0\MiAppNetCore.Tests.dll" adapterTypeName="executor://xunit/VsTestRunner3/netcore/" className="MiAppNetCore.Tests.WeatherServiceTests" name="GetWeatherDescription_ReturnsExpectedLabel" />
    </UnitTest>
    <UnitTest name="MiAppNetCore.Tests.WeatherServiceTests.GetWeatherDescription_ReturnsExpectedLabel(temperature: 5, expected: &quot;Frio&quot;)" storage="c:\users\victo\documents\practicas\miappnetcore.tests\bin\debug\net10.0\miappnetcore.tests.dll" id="04a335b6-57c6-34c5-8a1d-3488937c5468">
      <Execution id="2ae5a956-3918-4b02-91a3-90affb3b3df6" />
      <TestMethod codeBase="C:\Users\victo\Documents\practicas\MiAppNetCore.Tests\bin\Debug\net10.0\MiAppNetCore.Tests.dll" adapterTypeName="executor://xunit/VsTestRunner3/netcore/" className="MiAppNetCore.Tests.WeatherServiceTests" name="GetWeatherDescription_ReturnsExpectedLabel" />
    </UnitTest>
    <UnitTest name="MiAppNetCore.Tests.WeatherServiceTests.IsValidTemperature_ReturnsTrue_ForAnyValue(temperature: -300)" storage="c:\users\victo\documents\practicas\miappnetcore.tests\bin\debug\net10.0\miappnetcore.tests.dll" id="bfeee4bf-e20a-1e25-3345-96d1ee7d1114">
      <Execution id="ae4143e2-b2b8-4290-8e51-71f87f744a22" />
      <TestMethod codeBase="C:\Users\victo\Documents\practicas\MiAppNetCore.Tests\bin\Debug\net10.0\MiAppNetCore.Tests.dll" adapterTypeName="executor://xunit/VsTestRunner3/netcore/" className="MiAppNetCore.Tests.WeatherServiceTests" name="IsValidTemperature_ReturnsTrue_ForAnyValue" />
    </UnitTest>
    <UnitTest name="MiAppNetCore.Tests.WeatherServiceTests.IsValidTemperature_ReturnsTrue_ForAnyValue(temperature: 5000)" storage="c:\users\victo\documents\practicas\miappnetcore.tests\bin\debug\net10.0\miappnetcore.tests.dll" id="1bc0317d-2ee3-d22b-ac26-f2bef8bc694c">
      <Execution id="c898dbbe-7d9d-45f8-b256-ee6e605c3855" />
      <TestMethod codeBase="C:\Users\victo\Documents\practicas\MiAppNetCore.Tests\bin\Debug\net10.0\MiAppNetCore.Tests.dll" adapterTypeName="executor://xunit/VsTestRunner3/netcore/" className="MiAppNetCore.Tests.WeatherServiceTests" name="IsValidTemperature_ReturnsTrue_ForAnyValue" />
    </UnitTest>
    <UnitTest name="MiAppNetCore.Tests.WeatherServiceTests.SearchCityWeather_ReturnsSeededCities_WhenNameMatches" storage="c:\users\victo\documents\practicas\miappnetcore.tests\bin\debug\net10.0\miappnetcore.tests.dll" id="2361e58f-91ac-364e-54a3-a17c202de44a">
      <Execution id="c0c511f1-079e-434e-8d13-db834826cb22" />
      <TestMethod codeBase="C:\Users\victo\Documents\practicas\MiAppNetCore.Tests\bin\Debug\net10.0\MiAppNetCore.Tests.dll" adapterTypeName="executor://xunit/VsTestRunner3/netcore/" className="MiAppNetCore.Tests.WeatherServiceTests" name="SearchCityWeather_ReturnsSeededCities_WhenNameMatches" />
    </UnitTest>
    <UnitTest name="MiAppNetCore.Tests.WeatherServiceTests.GetWeatherDescription_ReturnsExpectedLabel(temperature: 30, expected: &quot;Calido&quot;)" storage="c:\users\victo\documents\practicas\miappnetcore.tests\bin\debug\net10.0\miappnetcore.tests.dll" id="88f39e5c-2325-439c-9fd6-1afa4c7da3e6">
      <Execution id="d4935b07-2de2-4721-805b-e87ddc59a6c0" />
      <TestMethod codeBase="C:\Users\victo\Documents\practicas\MiAppNetCore.Tests\bin\Debug\net10.0\MiAppNetCore.Tests.dll" adapterTypeName="executor://xunit/VsTestRunner3/netcore/" className="MiAppNetCore.Tests.WeatherServiceTests" name="GetWeatherDescription_ReturnsExpectedLabel" />
    </UnitTest>
    <UnitTest name="MiAppNetCore.Tests.WeatherServiceTests.IsValidTemperature_ReturnsTrue_ForAnyValue(temperature: 25)" storage="c:\users\victo\documents\practicas\miappnetcore.tests\bin\debug\net10.0\miappnetcore.tests.dll" id="07c3923c-be18-aa5e-e766-18c67e80ae36">
      <Execution id="14804cb0-78b2-4b30-b319-05c4f575a98b" />
      <TestMethod codeBase="C:\Users\victo\Documents\practicas\MiAppNetCore.Tests\bin\Debug\net10.0\MiAppNetCore.Tests.dll" adapterTypeName="executor://xunit/VsTestRunner3/netcore/" className="MiAppNetCore.Tests.WeatherServiceTests" name="IsValidTemperature_ReturnsTrue_ForAnyValue" />
    </UnitTest>
    <UnitTest name="MiAppNetCore.Tests.WeatherServiceTests.GetWeatherDescription_ReturnsExpectedLabel(temperature: 20, expected: &quot;Templado&quot;)" storage="c:\users\victo\documents\practicas\miappnetcore.tests\bin\debug\net10.0\miappnetcore.tests.dll" id="d3ecade4-dfff-5fd5-9ab6-e47ea52495ee">
      <Execution id="781cd750-3275-418a-9b94-0848b1421642" />
      <TestMethod codeBase="C:\Users\victo\Documents\practicas\MiAppNetCore.Tests\bin\Debug\net10.0\MiAppNetCore.Tests.dll" adapterTypeName="executor://xunit/VsTestRunner3/netcore/" className="MiAppNetCore.Tests.WeatherServiceTests" name="GetWeatherDescription_ReturnsExpectedLabel" />
    </UnitTest>
    <UnitTest name="MiAppNetCore.Tests.WeatherServiceTests.IsValidTemperature_ReturnsTrue_ForAnyValue(temperature: -273.14999999999998)" storage="c:\users\victo\documents\practicas\miappnetcore.tests\bin\debug\net10.0\miappnetcore.tests.dll" id="4fe41a5d-044c-6b32-49ec-10a80931f69e">
      <Execution id="41c93f5b-5b2b-4298-86b6-3c502fb0dbaf" />
      <TestMethod codeBase="C:\Users\victo\Documents\practicas\MiAppNetCore.Tests\bin\Debug\net10.0\MiAppNetCore.Tests.dll" adapterTypeName="executor://xunit/VsTestRunner3/netcore/" className="MiAppNetCore.Tests.WeatherServiceTests" name="IsValidTemperature_ReturnsTrue_ForAnyValue" />
    </UnitTest>
    <UnitTest name="MiAppNetCore.Tests.WeatherServiceTests.SearchCityWeather_ReturnsEmpty_WhenNoMatch" storage="c:\users\victo\documents\practicas\miappnetcore.tests\bin\debug\net10.0\miappnetcore.tests.dll" id="fbafddfe-2b5f-9b39-8702-0be88055176e">
      <Execution id="0dd04313-c19b-4b26-8c39-6039b943ef91" />
      <TestMethod codeBase="C:\Users\victo\Documents\practicas\MiAppNetCore.Tests\bin\Debug\net10.0\MiAppNetCore.Tests.dll" adapterTypeName="executor://xunit/VsTestRunner3/netcore/" className="MiAppNetCore.Tests.WeatherServiceTests" name="SearchCityWeather_ReturnsEmpty_WhenNoMatch" />
    </UnitTest>
  </TestDefinitions>
  <TestEntries>
    <TestEntry testId="1bc0317d-2ee3-d22b-ac26-f2bef8bc694c" executionId="c898dbbe-7d9d-45f8-b256-ee6e605c3855" testListId="8c84fa94-04c1-424b-9868-57a2d4851a1d" />
    <TestEntry testId="aee3060a-745f-52b5-daf1-7f953e98a398" executionId="bc305f8d-9d20-46f6-b100-9d6803073216" testListId="8c84fa94-04c1-424b-9868-57a2d4851a1d" />
    <TestEntry testId="d3ecade4-dfff-5fd5-9ab6-e47ea52495ee" executionId="781cd750-3275-418a-9b94-0848b1421642" testListId="8c84fa94-04c1-424b-9868-57a2d4851a1d" />
    <TestEntry testId="4fe41a5d-044c-6b32-49ec-10a80931f69e" executionId="41c93f5b-5b2b-4298-86b6-3c502fb0dbaf" testListId="8c84fa94-04c1-424b-9868-57a2d4851a1d" />
    <TestEntry testId="88f39e5c-2325-439c-9fd6-1afa4c7da3e6" executionId="d4935b07-2de2-4721-805b-e87ddc59a6c0" testListId="8c84fa94-04c1-424b-9868-57a2d4851a1d" />
    <TestEntry testId="25dc5936-6e48-6b18-745c-5815fa98105c" executionId="afcc813f-1dba-4097-8ec5-a98d69a72323" testListId="8c84fa94-04c1-424b-9868-57a2d4851a1d" />
    <TestEntry testId="04a335b6-57c6-34c5-8a1d-3488937c5468" executionId="2ae5a956-3918-4b02-91a3-90affb3b3df6" testListId="8c84fa94-04c1-424b-9868-57a2d4851a1d" />
    <TestEntry testId="3094f008-0fad-9505-0369-8ef882dc1e9c" executionId="a862616e-5e36-436a-a37a-52dda094b9f1" testListId="8c84fa94-04c1-424b-9868-57a2d4851a1d" />
    <TestEntry testId="2361e58f-91ac-364e-54a3-a17c202de44a" executionId="c0c511f1-079e-434e-8d13-db834826cb22" testListId="8c84fa94-04c1-424b-9868-57a2d4851a1d" />
    <TestEntry testId="e331a36c-9500-feeb-bfb5-bf93a13d163d" executionId="f2b52799-d539-4867-a6ba-764f7bee8633" testListId="8c84fa94-04c1-424b-9868-57a2d4851a1d" />
    <TestEntry testId="fbafddfe-2b5f-9b39-8702-0be88055176e" executionId="0dd04313-c19b-4b26-8c39-6039b943ef91" testListId="8c84fa94-04c1-424b-9868-57a2d4851a1d" />
    <TestEntry testId="07c3923c-be18-aa5e-e766-18c67e80ae36" executionId="14804cb0-78b2-4b30-b319-05c4f575a98b" testListId="8c84fa94-04c1-424b-9868-57a2d4851a1d" />
    <TestEntry testId="bfeee4bf-e20a-1e25-3345-96d1ee7d1114" executionId="ae4143e2-b2b8-4290-8e51-71f87f744a22" testListId="8c84fa94-04c1-424b-9868-57a2d4851a1d" />
  </TestEntries>
  <TestLists>
    <TestList name="Resultados sin formato de lista" id="8c84fa94-04c1-424b-9868-57a2d4851a1d" />
    <TestList name="Todos los resultados cargados" id="19431567-8539-422a-85d7-44ee4e166bda" />
  </TestLists>
  <ResultSummary outcome="Completed">
    <Counters total="13" executed="13" passed="13" failed="0" error="0" timeout="0" aborted="0" inconclusive="0" passedButRunAborted="0" notRunnable="0" notExecuted="0" disconnected="0" warning="0" completed="0" inProgress="0" pending="0" />
    <Output>
      <StdOut>[xUnit.net 00:00:00.00] xUnit.net VSTest Adapter v3.1.4+50e68bbb8b (64-bit .NET 10.0.8)&#xD;
[xUnit.net 00:00:01.35]   Discovering: MiAppNetCore.Tests&#xD;
[xUnit.net 00:00:01.45]   Discovered:  MiAppNetCore.Tests&#xD;
[xUnit.net 00:00:01.49]   Starting:    MiAppNetCore.Tests&#xD;
[xUnit.net 00:00:04.01]   Finished:    MiAppNetCore.Tests&#xD;
</StdOut>
    </Output>
    <CollectorDataEntries>
      <Collector agentName="LAPTOP-1M1UUQDQ" uri="datacollector://microsoft/CoverletCodeCoverage/1.0" collectorDisplayName="XPlat code coverage">
        <UriAttachments>
          <UriAttachment>
            <A href="LAPTOP-1M1UUQDQ\coverage.opencover.xml"></A>
          </UriAttachment>
        </UriAttachments>
      </Collector>
    </CollectorDataEntries>
  </ResultSummary>
</TestRun>